{
    "test1": {
        "test": [
            "one",
            "two",
            "three"
        ]
    },
    "test2": {
        "test2": {
            "values": [
                1,
                2,
                3
            ]
        }
    }
}